CRITICAL - 2026-06-17 06:52:39 --> CodeIgniter\Cache\Exceptions\CacheException: Cache unable to write to "/home/jean/Bureau/L2/S4/Systeme d'information/supermarch-/writable/cache/".
[Method: GET, Route: /]
in SYSTEMPATH/Cache/Handlers/FileHandler.php on line 66.
 1 SYSTEMPATH/Cache/Handlers/FileHandler.php(66): CodeIgniter\Cache\Exceptions\CacheException::forUnableToWrite()
 2 SYSTEMPATH/Cache/CacheFactory.php(67): CodeIgniter\Cache\Handlers\FileHandler->__construct()
 3 SYSTEMPATH/Config/Services.php(129): CodeIgniter\Cache\CacheFactory::getHandler()
 4 SYSTEMPATH/Config/BaseService.php(325): CodeIgniter\Config\Services::cache()
 5 SYSTEMPATH/Config/BaseService.php(264): CodeIgniter\Config\BaseService::__callStatic()
 6 SYSTEMPATH/Config/Services.php(124): CodeIgniter\Config\BaseService::getSharedInstance()
 7 SYSTEMPATH/Config/BaseService.php(334): CodeIgniter\Config\Services::cache()
 8 SYSTEMPATH/Config/BaseService.php(203): CodeIgniter\Config\BaseService::__callStatic()
 9 SYSTEMPATH/Config/Services.php(454): CodeIgniter\Config\BaseService::get()
10 SYSTEMPATH/Config/BaseService.php(325): CodeIgniter\Config\Services::responsecache()
11 SYSTEMPATH/Config/BaseService.php(264): CodeIgniter\Config\BaseService::__callStatic()
12 SYSTEMPATH/Config/Services.php(450): CodeIgniter\Config\BaseService::getSharedInstance()
13 SYSTEMPATH/Config/BaseService.php(334): CodeIgniter\Config\Services::responsecache()
14 SYSTEMPATH/CodeIgniter.php(178): CodeIgniter\Config\BaseService::__callStatic()
15 SYSTEMPATH/Config/Services.php(164): CodeIgniter\CodeIgniter->__construct()
16 SYSTEMPATH/Config/BaseService.php(325): CodeIgniter\Config\Services::codeigniter()
17 SYSTEMPATH/Config/BaseService.php(264): CodeIgniter\Config\BaseService::__callStatic()
18 SYSTEMPATH/Config/Services.php(159): CodeIgniter\Config\BaseService::getSharedInstance()
19 SYSTEMPATH/Config/BaseService.php(334): CodeIgniter\Config\Services::codeigniter()
20 SYSTEMPATH/Config/BaseService.php(203): CodeIgniter\Config\BaseService::__callStatic()
21 SYSTEMPATH/Common.php(1078): CodeIgniter\Config\BaseService::get()
22 SYSTEMPATH/Boot.php(403): service()
23 SYSTEMPATH/Boot.php(163): CodeIgniter\Boot::initializeCodeIgniter()
24 ROOTPATH/spark(87): CodeIgniter\Boot::bootSpark()
CRITICAL - 2026-06-17 06:56:09 --> CodeIgniter\Cache\Exceptions\CacheException: Cache unable to write to "/home/jean/Bureau/L2/S4/Systeme d'information/supermarch-/writable/cache/".
[Method: GET, Route: /]
in SYSTEMPATH/Cache/Handlers/FileHandler.php on line 66.
 1 SYSTEMPATH/Cache/Handlers/FileHandler.php(66): CodeIgniter\Cache\Exceptions\CacheException::forUnableToWrite()
 2 SYSTEMPATH/Cache/CacheFactory.php(67): CodeIgniter\Cache\Handlers\FileHandler->__construct()
 3 SYSTEMPATH/Config/Services.php(129): CodeIgniter\Cache\CacheFactory::getHandler()
 4 SYSTEMPATH/Config/BaseService.php(325): CodeIgniter\Config\Services::cache()
 5 SYSTEMPATH/Config/BaseService.php(264): CodeIgniter\Config\BaseService::__callStatic()
 6 SYSTEMPATH/Config/Services.php(124): CodeIgniter\Config\BaseService::getSharedInstance()
 7 SYSTEMPATH/Config/BaseService.php(334): CodeIgniter\Config\Services::cache()
 8 SYSTEMPATH/Config/BaseService.php(203): CodeIgniter\Config\BaseService::__callStatic()
 9 SYSTEMPATH/Config/Services.php(454): CodeIgniter\Config\BaseService::get()
10 SYSTEMPATH/Config/BaseService.php(325): CodeIgniter\Config\Services::responsecache()
11 SYSTEMPATH/Config/BaseService.php(264): CodeIgniter\Config\BaseService::__callStatic()
12 SYSTEMPATH/Config/Services.php(450): CodeIgniter\Config\BaseService::getSharedInstance()
13 SYSTEMPATH/Config/BaseService.php(334): CodeIgniter\Config\Services::responsecache()
14 SYSTEMPATH/CodeIgniter.php(178): CodeIgniter\Config\BaseService::__callStatic()
15 SYSTEMPATH/Config/Services.php(164): CodeIgniter\CodeIgniter->__construct()
16 SYSTEMPATH/Config/BaseService.php(325): CodeIgniter\Config\Services::codeigniter()
17 SYSTEMPATH/Config/BaseService.php(264): CodeIgniter\Config\BaseService::__callStatic()
18 SYSTEMPATH/Config/Services.php(159): CodeIgniter\Config\BaseService::getSharedInstance()
19 SYSTEMPATH/Config/BaseService.php(334): CodeIgniter\Config\Services::codeigniter()
20 SYSTEMPATH/Config/BaseService.php(203): CodeIgniter\Config\BaseService::__callStatic()
21 SYSTEMPATH/Common.php(1078): CodeIgniter\Config\BaseService::get()
22 SYSTEMPATH/Boot.php(403): service()
23 SYSTEMPATH/Boot.php(163): CodeIgniter\Boot::initializeCodeIgniter()
24 ROOTPATH/spark(87): CodeIgniter\Boot::bootSpark()
CRITICAL - 2026-06-17 07:07:25 --> Error: Class "App\Controllers\BaseController" not found
[Method: GET, Route: caisse]
in APPPATH/Controllers/CaisseController.php on line 9.
 1 SYSTEMPATH/Autoloader/Autoloader.php(315): include_once()
 2 SYSTEMPATH/Autoloader/Autoloader.php(295): CodeIgniter\Autoloader\Autoloader->includeFile()
 3 SYSTEMPATH/Autoloader/Autoloader.php(271): CodeIgniter\Autoloader\Autoloader->loadInNamespace()
 4 [internal function]: CodeIgniter\Autoloader\Autoloader->loadClass()
 5 SYSTEMPATH/Router/Router.php(792): class_exists()
 6 SYSTEMPATH/Router/Router.php(230): CodeIgniter\Router\Router->processRouteAttributes()
 7 SYSTEMPATH/CodeIgniter.php(829): CodeIgniter\Router\Router->handle()
 8 SYSTEMPATH/CodeIgniter.php(441): CodeIgniter\CodeIgniter->tryToRouteIt()
 9 SYSTEMPATH/CodeIgniter.php(340): CodeIgniter\CodeIgniter->handleRequest()
10 SYSTEMPATH/Boot.php(417): CodeIgniter\CodeIgniter->run()
11 SYSTEMPATH/Boot.php(68): CodeIgniter\Boot::runCodeIgniter()
12 FCPATH/index.php(59): CodeIgniter\Boot::bootWeb()
13 SYSTEMPATH/rewrite.php(44): require_once('/home/andriantsoa/Documents/Mr_Rojo/supermarché/public/index.php')
ERROR - 2026-06-17 07:11:59 --> Unable to prepare statement: no such table: caisses
in SYSTEMPATH/Database/SQLite3/Connection.php on line 164.
 1 SYSTEMPATH/Database/SQLite3/Connection.php(164): SQLite3->query()
 2 SYSTEMPATH/Database/BaseConnection.php(910): CodeIgniter\Database\SQLite3\Connection->execute()
 3 SYSTEMPATH/Database/BaseConnection.php(827): CodeIgniter\Database\BaseConnection->simpleQuery()
 4 SYSTEMPATH/Database/BaseBuilder.php(1649): CodeIgniter\Database\BaseConnection->query()
 5 SYSTEMPATH/Model.php(253): CodeIgniter\Database\BaseBuilder->get()
 6 SYSTEMPATH/BaseModel.php(676): CodeIgniter\Model->doFindAll()
 7 APPPATH/Controllers/CaisseController.php(12): CodeIgniter\BaseModel->findAll()
 8 SYSTEMPATH/CodeIgniter.php(951): App\Controllers\CaisseController->index()
 9 SYSTEMPATH/CodeIgniter.php(497): CodeIgniter\CodeIgniter->runController()
10 SYSTEMPATH/CodeIgniter.php(340): CodeIgniter\CodeIgniter->handleRequest()
11 SYSTEMPATH/Boot.php(417): CodeIgniter\CodeIgniter->run()
12 SYSTEMPATH/Boot.php(68): CodeIgniter\Boot::runCodeIgniter()
13 FCPATH/index.php(59): CodeIgniter\Boot::bootWeb()
14 SYSTEMPATH/rewrite.php(44): require_once('/home/andriantsoa/Documents/Mr_Rojo/supermarché/public/index.php')
CRITICAL - 2026-06-17 07:11:59 --> CodeIgniter\Database\Exceptions\DatabaseException: Unable to prepare statement: no such table: caisses
[Method: GET, Route: caisse]
in SYSTEMPATH/Database/BaseConnection.php on line 865.
 1 SYSTEMPATH/Database/BaseBuilder.php(1649): CodeIgniter\Database\BaseConnection->query()
 2 SYSTEMPATH/Model.php(253): CodeIgniter\Database\BaseBuilder->get()
 3 SYSTEMPATH/BaseModel.php(676): CodeIgniter\Model->doFindAll()
 4 APPPATH/Controllers/CaisseController.php(12): CodeIgniter\BaseModel->findAll()
 5 SYSTEMPATH/CodeIgniter.php(951): App\Controllers\CaisseController->index()
 6 SYSTEMPATH/CodeIgniter.php(497): CodeIgniter\CodeIgniter->runController()
 7 SYSTEMPATH/CodeIgniter.php(340): CodeIgniter\CodeIgniter->handleRequest()
 8 SYSTEMPATH/Boot.php(417): CodeIgniter\CodeIgniter->run()
 9 SYSTEMPATH/Boot.php(68): CodeIgniter\Boot::runCodeIgniter()
10 FCPATH/index.php(59): CodeIgniter\Boot::bootWeb()
11 SYSTEMPATH/rewrite.php(44): require_once('/home/andriantsoa/Documents/Mr_Rojo/supermarché/public/index.php')
CRITICAL - 2026-06-17 07:11:59 --> [Caused by] CodeIgniter\Database\Exceptions\DatabaseException: Unable to prepare statement: no such table: caisses
in SYSTEMPATH/Database/SQLite3/Connection.php on line 174.
 1 SYSTEMPATH/Database/BaseConnection.php(910): CodeIgniter\Database\SQLite3\Connection->execute()
 2 SYSTEMPATH/Database/BaseConnection.php(827): CodeIgniter\Database\BaseConnection->simpleQuery()
 3 SYSTEMPATH/Database/BaseBuilder.php(1649): CodeIgniter\Database\BaseConnection->query()
 4 SYSTEMPATH/Model.php(253): CodeIgniter\Database\BaseBuilder->get()
 5 SYSTEMPATH/BaseModel.php(676): CodeIgniter\Model->doFindAll()
 6 APPPATH/Controllers/CaisseController.php(12): CodeIgniter\BaseModel->findAll()
 7 SYSTEMPATH/CodeIgniter.php(951): App\Controllers\CaisseController->index()
 8 SYSTEMPATH/CodeIgniter.php(497): CodeIgniter\CodeIgniter->runController()
 9 SYSTEMPATH/CodeIgniter.php(340): CodeIgniter\CodeIgniter->handleRequest()
10 SYSTEMPATH/Boot.php(417): CodeIgniter\CodeIgniter->run()
11 SYSTEMPATH/Boot.php(68): CodeIgniter\Boot::runCodeIgniter()
12 FCPATH/index.php(59): CodeIgniter\Boot::bootWeb()
13 SYSTEMPATH/rewrite.php(44): require_once('/home/andriantsoa/Documents/Mr_Rojo/supermarché/public/index.php')
CRITICAL - 2026-06-17 07:11:59 --> [Caused by] SQLite3Exception: Unable to prepare statement: no such table: caisses
in SYSTEMPATH/Database/SQLite3/Connection.php on line 164.
 1 SYSTEMPATH/Database/SQLite3/Connection.php(164): SQLite3->query()
 2 SYSTEMPATH/Database/BaseConnection.php(910): CodeIgniter\Database\SQLite3\Connection->execute()
 3 SYSTEMPATH/Database/BaseConnection.php(827): CodeIgniter\Database\BaseConnection->simpleQuery()
 4 SYSTEMPATH/Database/BaseBuilder.php(1649): CodeIgniter\Database\BaseConnection->query()
 5 SYSTEMPATH/Model.php(253): CodeIgniter\Database\BaseBuilder->get()
 6 SYSTEMPATH/BaseModel.php(676): CodeIgniter\Model->doFindAll()
 7 APPPATH/Controllers/CaisseController.php(12): CodeIgniter\BaseModel->findAll()
 8 SYSTEMPATH/CodeIgniter.php(951): App\Controllers\CaisseController->index()
 9 SYSTEMPATH/CodeIgniter.php(497): CodeIgniter\CodeIgniter->runController()
10 SYSTEMPATH/CodeIgniter.php(340): CodeIgniter\CodeIgniter->handleRequest()
11 SYSTEMPATH/Boot.php(417): CodeIgniter\CodeIgniter->run()
12 SYSTEMPATH/Boot.php(68): CodeIgniter\Boot::runCodeIgniter()
13 FCPATH/index.php(59): CodeIgniter\Boot::bootWeb()
14 SYSTEMPATH/rewrite.php(44): require_once('/home/andriantsoa/Documents/Mr_Rojo/supermarché/public/index.php')
DEBUG - 2026-06-17 07:22:00 --> Session: Class initialized using 'CodeIgniter\Session\Handlers\FileHandler' driver.
